---
source: tests/main.rs
expression: visualizer_text
snapshot_kind: text
---
- src.js
(0:0) "abc\n" --> (0:0) "abc\n"
(0:0) --> (0:10) [invalid]
(0:10) [invalid] --> (0:0)
